PASS: 303 tests passed, 0 failed.
Generated 2026-09-06T16:41:04Z from commit 0c503f5 on branch master.
Working tree clean: yes.
Python 3.12.10 on Windows-11-10.0.26200-SP0.
pytest summary: 303 passed in 3.86s

Packaged executables found in the delivery folder. This script
does not build or launch them, so these hashes identify whatever
is on disk and do NOT prove it was built from the commit above:
  AtomstackController-0.12.0.exe  20266177 bytes  sha256 90cf15dd93abc1ef9c5e29c0e2f80584f85e3e1ddd00684994cc63a05dc65a07
    fixture bundle: observed.txt present, V1.055 and $130=365.000 intact
  AtomstackController-0.13.0.exe  20281774 bytes  sha256 b8f4d1c5831d4b74d276b549e8bb7df6db1e908e750bbf423570c7de1676217d
    fixture bundle: observed.txt present, V1.055 and $130=365.000 intact
  AtomstackController-0.14.0.exe  20354422 bytes  sha256 5409ad68a97cf3dd8ebbffbc4fac7fe471e1448bba7d36f1a2b12f61ca0e486a
    fixture bundle: observed.txt present, V1.055 and $130=365.000 intact
  AtomstackController-0.14.1.exe  20355117 bytes  sha256 6b231a03725964d5b537c75e87d4e784a4b75f0c7668200699ab0647de7b4ee7
    fixture bundle: observed.txt present, V1.055 and $130=365.000 intact
  AtomstackController-0.15.0.exe  20358616 bytes  sha256 57e254ea58fdd12714439be6a225d6c741a591f675a369f2ff48719adad82d3d
    fixture bundle: observed.txt present, V1.055 and $130=365.000 intact
  AtomstackController-0.16.0.exe  20389921 bytes  sha256 c4f15f6ed40b6e1c200cc666a612fbb9cf0e1f33caea859fff5b7359c6be8561
    fixture bundle: observed.txt present, V1.055 and $130=365.000 intact
  AtomstackController-0.16.1.exe  20390652 bytes  sha256 67a14a0af6663be5e6a02ade1a6c7fad4a38678c07cea688db7a45234b1f2453
    fixture bundle: observed.txt present, V1.055 and $130=365.000 intact
  AtomstackController-0.17.0.exe  38444822 bytes  sha256 7be86b70e23c95ba95ad664cbdbab5cd24b027df30e77e29d5eee150fbb7c121
    fixture bundle: observed.txt present, V1.055 and $130=365.000 intact
  AtomstackController-0.18.0.exe  38450256 bytes  sha256 dc05bbde55d1d5faec2515cb5ea2035af74af06c3f7efe8986436e79e1440d82
    fixture bundle: observed.txt present, V1.055 and $130=365.000 intact
  AtomstackController.exe  38450256 bytes  sha256 dc05bbde55d1d5faec2515cb5ea2035af74af06c3f7efe8986436e79e1440d82
    fixture bundle: observed.txt present, V1.055 and $130=365.000 intact

No serial port was opened. This script never homes, jogs, frames or fires.
Regenerate with: python tools/verify.py
